2025-10-18 16:13:37,994 - \U0001f39e\ufe0f Minimax job created: aba33389-74f3-4d5d-ae80-56c6f2a64219
2025-10-18 16:15:18,588 - \u2705 Minimax video ready: https://d3u0tzju9qaucj.cloudfront.net/5d0d5e81-45d8-4b5b-9814-958400f3eb98/a3cc1c3d-6473-45c4-8682-4eb89dca5634.mp4
2025-10-18 16:24:58,500 - \U0001f5bc\ufe0f Started image generation: 2b56e529-6956-4965-ade7-d1988b028bb7
2025-10-18 16:25:14,433 - \u2705 Image ready: https://d3u0tzju9qaucj.cloudfront.net/5d0d5e81-45d8-4b5b-9814-958400f3eb98/b4062e38-1546-460e-8fe3-0200eb9da46c.jpg
2025-10-18 16:25:46,499 - \U0001f39e\ufe0f Minimax job created: 4ef14153-ae39-4bff-80c8-63913377c882
2025-10-18 16:27:46,393 - \u2705 Minimax video ready: https://d3u0tzju9qaucj.cloudfront.net/5d0d5e81-45d8-4b5b-9814-958400f3eb98/ddb485bd-3868-4f13-98d6-20f8d493da83.mp4
2025-10-18 16:31:23,753 - \U0001f3ac Started story generation: a6d4eae9-d9ac-439c-824b-40e8aedb84e4
2025-10-18 16:32:58,926 - \U0001f39e\ufe0f Story video ready: https://d3u0tzju9qaucj.cloudfront.net/5d0d5e81-45d8-4b5b-9814-958400f3eb98/bcb8e35e-e542-4bbe-a5f2-9d7d669199a3.mp4
2025-10-18 17:04:07,913 - \U0001f5bc\ufe0f Started image generation: fd73b4df-852a-4bc5-ba22-df1a05f72d0c
2025-10-18 17:04:29,041 - \u2705 Image ready: https://d3u0tzju9qaucj.cloudfront.net/5d0d5e81-45d8-4b5b-9814-958400f3eb98/879ea73d-8c0a-45a0-9a78-6b33b786076b.jpg
2025-10-18 17:05:10,472 - \U0001f3ac Started story generation: 31d1af1e-b1d6-4e09-94d7-1582c135087b
2025-10-18 17:06:59,033 - \U0001f39e\ufe0f Story video ready: https://d3u0tzju9qaucj.cloudfront.net/5d0d5e81-45d8-4b5b-9814-958400f3eb98/b7765772-6502-4623-b9dd-69da8156f646.mp4
2025-10-18 20:55:03,476 - \U0001f5bc\ufe0f Started image generation: d683688f-5673-4398-9ab5-57bc66eb0f75
2025-10-18 20:55:21,978 - \u2705 Image ready: https://d3u0tzju9qaucj.cloudfront.net/5d0d5e81-45d8-4b5b-9814-958400f3eb98/77856968-da80-4573-8f2c-1152095ea9f3.jpg
2025-10-18 20:58:45,444 - \U0001f5bc\ufe0f Started image generation: 5838bc10-ece8-4719-82a0-1b974bc63af6
2025-10-18 20:59:03,467 - \u2705 Image ready: https://d3u0tzju9qaucj.cloudfront.net/5d0d5e81-45d8-4b5b-9814-958400f3eb98/1f626a4d-6fab-498e-a52a-4dbc80fc6694.jpg
2025-10-18 21:00:52,827 - \U0001f5bc\ufe0f Started image generation: 79c22334-e6b0-4482-9297-e968e9883c14
2025-10-18 21:01:05,529 - \u2705 Image ready: https://d3u0tzju9qaucj.cloudfront.net/5d0d5e81-45d8-4b5b-9814-958400f3eb98/8043e8f5-fbd5-499f-ad8c-4057f53c2c0c.jpg
2025-10-18 21:02:14,748 - \U0001f3ac Started story generation: 08e80ec4-ad3c-4a7a-9a34-6b1174161955
2025-10-18 21:03:02,264 - \U0001f3ac Started story generation: f5932b12-3725-47cc-9406-f9d63d3a305d
2025-10-18 21:03:06,946 - \U0001f5bc\ufe0f Started image generation: 49f01b16-9045-48cd-acdd-eb996f887fca
2025-10-18 21:03:21,005 - \u2705 Image ready: https://d3u0tzju9qaucj.cloudfront.net/5d0d5e81-45d8-4b5b-9814-958400f3eb98/a4a4b44c-b6bd-4f8d-83df-41bf69d84c89.jpg
2025-10-18 21:04:18,242 - \U0001f39e\ufe0f Story video ready: https://d3u0tzju9qaucj.cloudfront.net/5d0d5e81-45d8-4b5b-9814-958400f3eb98/5c9b57a6-3649-435c-966f-ac92460e3b46.mp4
2025-10-18 21:05:02,482 - \U0001f39e\ufe0f Story video ready: https://d3u0tzju9qaucj.cloudfront.net/5d0d5e81-45d8-4b5b-9814-958400f3eb98/2c4846b0-357b-4a45-8ceb-06bdb0933fba.mp4
2025-10-18 21:31:11,546 - \U0001f5bc\ufe0f Started image generation: ecf02f33-d9fb-4345-9f29-7feb6d98e802
2025-10-18 21:31:24,878 - \u2705 Image ready: https://d3u0tzju9qaucj.cloudfront.net/5d0d5e81-45d8-4b5b-9814-958400f3eb98/860eff5c-707c-4c21-a24a-369b22b0a3ff.jpg
2025-10-18 21:36:34,109 - \U0001f3ac Started story generation: 0ef87933-998c-4f84-9807-2f65d2ad94fb
2025-10-18 21:38:12,289 - \U0001f39e\ufe0f Story video ready: https://d3u0tzju9qaucj.cloudfront.net/5d0d5e81-45d8-4b5b-9814-958400f3eb98/13ef3779-96f4-4dbb-b99e-713f08e30acb.mp4
2025-10-18 22:43:29,546 - \U0001f5bc\ufe0f Started image generation: 49c259b1-3f58-43d8-abf0-8190cdce01e1
2025-10-18 22:43:47,620 - \u2705 Image ready: https://d3u0tzju9qaucj.cloudfront.net/5d0d5e81-45d8-4b5b-9814-958400f3eb98/2f306a07-9244-4fdd-a1d2-835c3f7ee3ed.jpg
2025-10-18 22:52:05,616 - \U0001f5bc\ufe0f Started image generation: 1160c50d-1d9e-4bae-a894-62eb6ec3d140
2025-10-18 22:52:18,839 - \u2705 Image ready: https://d3u0tzju9qaucj.cloudfront.net/5d0d5e81-45d8-4b5b-9814-958400f3eb98/1b825ad5-c23f-4c46-98e8-8b8de6425b98.jpg
2025-10-18 23:01:32,296 - \U0001f5bc\ufe0f Started image generation: 50a072db-d609-449e-8beb-7f50729f240c
2025-10-18 23:01:58,699 - \u2705 Image ready: https://d3u0tzju9qaucj.cloudfront.net/5d0d5e81-45d8-4b5b-9814-958400f3eb98/d444541c-5fdf-439b-8d59-8746a25c7ef0.jpg
2025-10-18 23:05:29,866 - \U0001f3ac Started story generation: 07f7025d-a850-4613-aa06-a5fef0f295e9
2025-10-18 23:05:51,728 - \U0001f3ac Started story generation: 008f7291-26dd-4442-be3b-a184b8877675
2025-10-18 23:06:02,190 - \U0001f5bc\ufe0f Started image generation: 5eadb6a4-3b5c-4762-996f-3431a1dbe48a
2025-10-18 23:06:57,486 - \U0001f5bc\ufe0f Started image generation: 63fcbd15-b176-47fc-be91-258db9780d48
2025-10-18 23:08:14,988 - \U0001f5bc\ufe0f Started image generation: 097d911a-a16e-4bf6-9d6a-09a05439e71d
2025-10-18 23:11:50,655 - \U0001f5bc\ufe0f Started image generation: e2b42a20-0a48-456a-9754-084d7420c2d0
2025-10-18 23:12:46,340 - \U0001f5bc\ufe0f Started image generation: 534b87e2-bfbe-40e3-9700-910c75514fab
2025-10-18 23:12:48,229 - \U0001f5bc\ufe0f Started image generation: 3ec17049-f0dd-4407-a209-fe220085786b
2025-10-18 23:12:49,801 - \U0001f5bc\ufe0f Started image generation: bbcdb635-2db2-45ad-9530-ce4e6d44963c
2025-10-18 23:14:05,219 - \U0001f5bc\ufe0f Started image generation: 7fa1d8b0-f5e8-4ee6-a4e1-162b399fce98
2025-10-18 23:15:02,787 - \U0001f5bc\ufe0f Started image generation: 12bdc8fb-4466-40a3-929d-96f6ea6e0de1
2025-10-18 23:15:18,850 - \u2705 Image ready: https://d3u0tzju9qaucj.cloudfront.net/5d0d5e81-45d8-4b5b-9814-958400f3eb98/4356d3ef-3e5d-4484-9938-8dc5cc5de503.jpg
2025-10-18 23:17:51,621 - \U0001f3ac Started story generation: 9a3540ac-3af4-461c-a50e-7787d356a002
2025-10-18 23:17:54,059 - \U0001f5bc\ufe0f Started image generation: 23e10745-82f8-4df4-a36f-094350af1976
2025-10-18 23:17:55,098 - \U0001f5bc\ufe0f Started image generation: 91cd69c5-2fce-438f-8f78-07e215238c6c
2025-10-18 23:18:06,674 - \u2705 Image ready: https://d3u0tzju9qaucj.cloudfront.net/5d0d5e81-45d8-4b5b-9814-958400f3eb98/5edbe753-c268-486b-aea7-1eddc495789e.jpg
2025-10-18 23:18:12,814 - \u2705 Image ready: https://d3u0tzju9qaucj.cloudfront.net/5d0d5e81-45d8-4b5b-9814-958400f3eb98/4b54dad8-07ce-4d26-88d2-f476a3a69f1c.jpg
2025-10-19 00:35:43,510 - \U0001f5bc\ufe0f Started image generation: eaef630a-92af-4f7b-a97a-3c928107b9e3
2025-10-19 00:35:55,906 - \u2705 Image ready: https://d3u0tzju9qaucj.cloudfront.net/5d0d5e81-45d8-4b5b-9814-958400f3eb98/40e0d2c1-dbde-451d-8165-f2e3672980de.jpg
2025-10-19 00:36:21,072 - \U0001f5bc\ufe0f Started image generation: 40b844ad-4bf8-4154-bd50-2d747008e4e7
2025-10-19 00:36:33,444 - \u2705 Image ready: https://d3u0tzju9qaucj.cloudfront.net/5d0d5e81-45d8-4b5b-9814-958400f3eb98/b56ab817-01bc-4623-b3b6-8b3da8487870.jpg
2025-10-19 00:36:39,885 - \U0001f5bc\ufe0f Started image generation: 2da3da11-2a51-4994-9dc0-eea2c62d0217
2025-10-19 00:36:55,710 - \u2705 Image ready: https://d3u0tzju9qaucj.cloudfront.net/5d0d5e81-45d8-4b5b-9814-958400f3eb98/c3fa29fb-e463-4dc4-b1c0-97767faf6f91.jpg
2025-10-19 00:38:51,721 - \U0001f3ac Started story generation: 1bfa32e7-8792-4981-8708-84bf5e4952cb
2025-10-19 00:39:52,977 - \U0001f39e\ufe0f Story video ready: https://d3u0tzju9qaucj.cloudfront.net/5d0d5e81-45d8-4b5b-9814-958400f3eb98/84d6a0c4-80d2-49c7-96d3-fba975412e9c.mp4
2025-10-19 00:41:49,558 - \U0001f39e\ufe0f Minimax job created: d7ff43a2-4601-4b8b-89e9-c513d2d6e879
2025-10-19 00:43:31,849 - \u2705 Видео готово: https://d3u0tzju9qaucj.cloudfront.net/5d0d5e81-45d8-4b5b-9814-958400f3eb98/56f3f97c-4906-42fe-aff1-5469cf1a296e.mp4
2025-10-19 01:04:36,739 -  Started image generation: de47be9a-1370-4acc-aeb1-889125d352e4
2025-10-19 01:04:54,777 -  Image ready: https://d3u0tzju9qaucj.cloudfront.net/5d0d5e81-45d8-4b5b-9814-958400f3eb98/9286259a-b053-41a4-a50d-23c5795c128a.jpg
2025-10-19 01:22:44,043 - \U0001f39e\ufe0f Minimax job created: 6b5f508d-77ed-4b30-b8c3-173098a81237
2025-10-19 01:25:05,076 -  Видео готово: https://d3u0tzju9qaucj.cloudfront.net/5d0d5e81-45d8-4b5b-9814-958400f3eb98/d0b9fc20-2336-48a8-8771-826c1df496ff.mp4
2025-10-19 01:25:47,192 - \U0001f39e\ufe0f Minimax job created: b37950bc-54f9-41dd-9b88-805874bacbd9
2025-10-19 01:27:48,437 -  Видео готово: https://d3u0tzju9qaucj.cloudfront.net/5d0d5e81-45d8-4b5b-9814-958400f3eb98/d3d84932-daaa-4d61-a8f2-3da0c79b043e.mp4
2025-10-19 01:29:34,417 -  Started image generation: 9b3c7b53-3fae-4ad5-a013-ce822dda8555
2025-10-19 01:29:48,857 -  Image ready: https://d3u0tzju9qaucj.cloudfront.net/5d0d5e81-45d8-4b5b-9814-958400f3eb98/909a3a56-4141-463f-bd35-31025c7a7d42.jpg
2025-10-19 01:35:05,750 -  Started image generation: 614dd8ac-c819-4e6f-8826-8e2cf4b4b1e2
2025-10-19 01:35:20,404 -  Image ready: https://d3u0tzju9qaucj.cloudfront.net/5d0d5e81-45d8-4b5b-9814-958400f3eb98/ebbddcf4-b44c-4df9-92ff-7d5587127151.jpg
2025-10-19 01:37:43,477 -  Started story generation: 0271cd9c-f7c5-4599-98d3-4551674e1f0c
2025-10-19 01:39:33,152 -  Story video ready: https://d3u0tzju9qaucj.cloudfront.net/5d0d5e81-45d8-4b5b-9814-958400f3eb98/d350bc27-a53b-4a82-912e-00d69294feb7.mp4
